[-1789686444206826496.000s] DEBUG:colcon:Command line arguments: ['/usr/bin/colcon', 'build', '--symlink-install', '--packages-select', 'robocon2027_description']
[-1789686444206826496.000s] DEBUG:colcon:Parsed command line arguments: Namespace(log_base=None, log_level=None, verb_name='build', build_base='build', install_base='install', merge_install=False, symlink_install=True, test_result_base=None, continue_on_error=False, executor='parallel', parallel_workers=12, event_handlers=None, ignore_user_meta=False, metas=['./colcon.meta'], base_paths=['.'], packages_ignore=None, packages_ignore_regex=None, paths=None, packages_up_to=None, packages_up_to_regex=None, packages_above=None, packages_above_and_dependencies=None, packages_above_depth=None, packages_select_by_dep=None, packages_skip_by_dep=None, packages_skip_up_to=None, packages_select_build_failed=False, packages_skip_build_finished=False, packages_select_test_failures=False, packages_skip_test_passed=False, packages_select=['robocon2027_description'], packages_skip=None, packages_select_regex=None, packages_skip_regex=None, packages_start=None, packages_end=None, cmake_args=None, cmake_target=None, cmake_target_skip_unavailable=False, cmake_clean_cache=False, cmake_clean_first=False, cmake_force_configure=False, ament_cmake_args=None, catkin_cmake_args=None, catkin_skip_building_tests=False, verb_parser=<colcon_defaults.argument_parser.defaults.DefaultArgumentsDecorator object at 0x7cda0e359a90>, verb_extension=<colcon_core.verb.build.BuildVerb object at 0x7cda0e3692b0>, main=<bound method BuildVerb.main of <colcon_core.verb.build.BuildVerb object at 0x7cda0e3692b0>>)
[-1789686444206826496.000s] Level 1:colcon.colcon_core.package_discovery:discover_packages(colcon_meta) check parameters
[-1789686444206826496.000s] Level 1:colcon.colcon_core.package_discovery:discover_packages(recursive) check parameters
[-1789686444206826496.000s] Level 1:colcon.colcon_core.package_discovery:discover_packages(ignore) check parameters
[-1789686444206826496.000s] Level 1:colcon.colcon_core.package_discovery:discover_packages(path) check parameters
[-1789686444206826496.000s] Level 1:colcon.colcon_core.package_discovery:discover_packages(colcon_meta) discover
[-1789686444206826496.000s] Level 1:colcon.colcon_core.package_discovery:discover_packages(recursive) discover
[-1789686444206826496.000s] INFO:colcon.colcon_core.package_discovery:Crawling recursively for packages in '/home/luongngoctu/robocon2027_gazebo'
[-1789686444206826496.000s] Level 1:colcon.colcon_core.package_identification:_identify(.) by extensions ['ignore', 'ignore_ament_install']
[-1789686444206826496.000s] Level 1:colcon.colcon_core.package_identification:_identify(.) by extension 'ignore'
[-1789686444206826496.000s] Level 1:colcon.colcon_core.package_identification:_identify(.) by extension 'ignore_ament_install'
[-1789686444206826496.000s] Level 1:colcon.colcon_core.package_identification:_identify(.) by extensions ['colcon_pkg']
[-1789686444206826496.000s] Level 1:colcon.colcon_core.package_identification:_identify(.) by extension 'colcon_pkg'
[-1789686444206826496.000s] Level 1:colcon.colcon_core.package_identification:_identify(.) by extensions ['colcon_meta']
[-1789686444206826496.000s] Level 1:colcon.colcon_core.package_identification:_identify(.) by extension 'colcon_meta'
[-1789686444206826496.000s] Level 1:colcon.colcon_core.package_identification:_identify(.) by extensions ['ros']
[-1789686444206826496.000s] Level 1:colcon.colcon_core.package_identification:_identify(.) by extension 'ros'
[-1789686444206826496.000s] Level 1:colcon.colcon_core.package_identification:_identify(.) by extensions ['cmake', 'python']
[-1789686444206826496.000s] Level 1:colcon.colcon_core.package_identification:_identify(.) by extension 'cmake'
[-1789686444206826496.000s] Level 1:colcon.colcon_core.package_identification:_identify(.) by extension 'python'
[-1789686444206826496.000s] Level 1:colcon.colcon_core.package_identification:_identify(.) by extensions ['python_setup_py']
[-1789686444206826496.000s] Level 1:colcon.colcon_core.package_identification:_identify(.) by extension 'python_setup_py'
[-1789686444206826496.000s] Level 1:colcon.colcon_core.package_identification:_identify(backup) by extensions ['ignore', 'ignore_ament_install']
[-1789686444206826496.000s] Level 1:colcon.colcon_core.package_identification:_identify(backup) by extension 'ignore'
[-1789686444206826496.000s] Level 1:colcon.colcon_core.package_identification:_identify(backup) by extension 'ignore_ament_install'
[-1789686444206826496.000s] Level 1:colcon.colcon_core.package_identification:_identify(backup) by extensions ['colcon_pkg']
[-1789686444206826496.000s] Level 1:colcon.colcon_core.package_identification:_identify(backup) by extension 'colcon_pkg'
[-1789686444206826496.000s] Level 1:colcon.colcon_core.package_identification:_identify(backup) by extensions ['colcon_meta']
[-1789686444206826496.000s] Level 1:colcon.colcon_core.package_identification:_identify(backup) by extension 'colcon_meta'
[-1789686444206826496.000s] Level 1:colcon.colcon_core.package_identification:_identify(backup) by extensions ['ros']
[-1789686444206826496.000s] Level 1:colcon.colcon_core.package_identification:_identify(backup) by extension 'ros'
[-1789686444206826496.000s] Level 1:colcon.colcon_core.package_identification:_identify(backup) by extensions ['cmake', 'python']
[-1789686444206826496.000s] Level 1:colcon.colcon_core.package_identification:_identify(backup) by extension 'cmake'
[-1789686444206826496.000s] Level 1:colcon.colcon_core.package_identification:_identify(backup) by extension 'python'
[-1789686444206826496.000s] Level 1:colcon.colcon_core.package_identification:_identify(backup) by extensions ['python_setup_py']
[-1789686444206826496.000s] Level 1:colcon.colcon_core.package_identification:_identify(backup) by extension 'python_setup_py'
[-1789686444206826496.000s] Level 1:colcon.colcon_core.package_identification:_identify(build) by extensions ['ignore', 'ignore_ament_install']
[-1789686444206826496.000s] Level 1:colcon.colcon_core.package_identification:_identify(build) by extension 'ignore'
[-1789686444206826496.000s] Level 1:colcon.colcon_core.package_identification:_identify(build) ignored
[-1789686444206826496.000s] Level 1:colcon.colcon_core.package_identification:_identify(install) by extensions ['ignore', 'ignore_ament_install']
[-1789686444206826496.000s] Level 1:colcon.colcon_core.package_identification:_identify(install) by extension 'ignore'
[-1789686444206826496.000s] Level 1:colcon.colcon_core.package_identification:_identify(install) ignored
[-1789686444206826496.000s] Level 1:colcon.colcon_core.package_identification:_identify(log) by extensions ['ignore', 'ignore_ament_install']
[-1789686444206826496.000s] Level 1:colcon.colcon_core.package_identification:_identify(log) by extension 'ignore'
[-1789686444206826496.000s] Level 1:colcon.colcon_core.package_identification:_identify(log) ignored
[-1789686444206826496.000s] Level 1:colcon.colcon_core.package_identification:_identify(maps) by extensions ['ignore', 'ignore_ament_install']
[-1789686444206826496.000s] Level 1:colcon.colcon_core.package_identification:_identify(maps) by extension 'ignore'
[-1789686444206826496.000s] Level 1:colcon.colcon_core.package_identification:_identify(maps) by extension 'ignore_ament_install'
[-1789686444206826496.000s] Level 1:colcon.colcon_core.package_identification:_identify(maps) by extensions ['colcon_pkg']
[-1789686444206826496.000s] Level 1:colcon.colcon_core.package_identification:_identify(maps) by extension 'colcon_pkg'
[-1789686444206826496.000s] Level 1:colcon.colcon_core.package_identification:_identify(maps) by extensions ['colcon_meta']
[-1789686444206826496.000s] Level 1:colcon.colcon_core.package_identification:_identify(maps) by extension 'colcon_meta'
[-1789686444206826496.000s] Level 1:colcon.colcon_core.package_identification:_identify(maps) by extensions ['ros']
[-1789686444206826496.000s] Level 1:colcon.colcon_core.package_identification:_identify(maps) by extension 'ros'
[-1789686444206826496.000s] Level 1:colcon.colcon_core.package_identification:_identify(maps) by extensions ['cmake', 'python']
[-1789686444206826496.000s] Level 1:colcon.colcon_core.package_identification:_identify(maps) by extension 'cmake'
[-1789686444206826496.000s] Level 1:colcon.colcon_core.package_identification:_identify(maps) by extension 'python'
[-1789686444206826496.000s] Level 1:colcon.colcon_core.package_identification:_identify(maps) by extensions ['python_setup_py']
[-1789686444206826496.000s] Level 1:colcon.colcon_core.package_identification:_identify(maps) by extension 'python_setup_py'
[-1789686444206826496.000s] Level 1:colcon.colcon_core.package_identification:_identify(src) by extensions ['ignore', 'ignore_ament_install']
[-1789686444206826496.000s] Level 1:colcon.colcon_core.package_identification:_identify(src) by extension 'ignore'
[-1789686444206826496.000s] Level 1:colcon.colcon_core.package_identification:_identify(src) by extension 'ignore_ament_install'
[-1789686444206826496.000s] Level 1:colcon.colcon_core.package_identification:_identify(src) by extensions ['colcon_pkg']
[-1789686444206826496.000s] Level 1:colcon.colcon_core.package_identification:_identify(src) by extension 'colcon_pkg'
[-1789686444206826496.000s] Level 1:colcon.colcon_core.package_identification:_identify(src) by extensions ['colcon_meta']
[-1789686444206826496.000s] Level 1:colcon.colcon_core.package_identification:_identify(src) by extension 'colcon_meta'
[-1789686444206826496.000s] Level 1:colcon.colcon_core.package_identification:_identify(src) by extensions ['ros']
[-1789686444206826496.000s] Level 1:colcon.colcon_core.package_identification:_identify(src) by extension 'ros'
[-1789686444206826496.000s] Level 1:colcon.colcon_core.package_identification:_identify(src) by extensions ['cmake', 'python']
[-1789686444206826496.000s] Level 1:colcon.colcon_core.package_identification:_identify(src) by extension 'cmake'
[-1789686444206826496.000s] Level 1:colcon.colcon_core.package_identification:_identify(src) by extension 'python'
[-1789686444206826496.000s] Level 1:colcon.colcon_core.package_identification:_identify(src) by extensions ['python_setup_py']
[-1789686444206826496.000s] Level 1:colcon.colcon_core.package_identification:_identify(src) by extension 'python_setup_py'
[-1789686444206826496.000s] Level 1:colcon.colcon_core.package_identification:_identify(src/robocon2027_description) by extensions ['ignore', 'ignore_ament_install']
[-1789686444206826496.000s] Level 1:colcon.colcon_core.package_identification:_identify(src/robocon2027_description) by extension 'ignore'
[-1789686444206826496.000s] Level 1:colcon.colcon_core.package_identification:_identify(src/robocon2027_description) by extension 'ignore_ament_install'
[-1789686444206826496.000s] Level 1:colcon.colcon_core.package_identification:_identify(src/robocon2027_description) by extensions ['colcon_pkg']
[-1789686444206826496.000s] Level 1:colcon.colcon_core.package_identification:_identify(src/robocon2027_description) by extension 'colcon_pkg'
[-1789686444206826496.000s] Level 1:colcon.colcon_core.package_identification:_identify(src/robocon2027_description) by extensions ['colcon_meta']
[-1789686444206826496.000s] Level 1:colcon.colcon_core.package_identification:_identify(src/robocon2027_description) by extension 'colcon_meta'
[-1789686444206826496.000s] Level 1:colcon.colcon_core.package_identification:_identify(src/robocon2027_description) by extensions ['ros']
[-1789686444206826496.000s] Level 1:colcon.colcon_core.package_identification:_identify(src/robocon2027_description) by extension 'ros'
[-1789686444206826496.000s] DEBUG:colcon.colcon_core.package_identification:Package 'src/robocon2027_description' with type 'ros.ament_cmake' and name 'robocon2027_description'
[-1789686444206826496.000s] Level 1:colcon.colcon_core.package_discovery:discover_packages(recursive) using defaults
[-1789686444206826496.000s] Level 1:colcon.colcon_core.package_discovery:discover_packages(ignore) discover
[-1789686444206826496.000s] Level 1:colcon.colcon_core.package_discovery:discover_packages(ignore) using defaults
[-1789686444206826496.000s] Level 1:colcon.colcon_core.package_discovery:discover_packages(path) discover
[-1789686444206826496.000s] Level 1:colcon.colcon_core.package_discovery:discover_packages(path) using defaults
[-1789686444206826496.000s] Level 5:colcon.colcon_core.verb:set package 'robocon2027_description' build argument 'cmake_args' from command line to 'None'
[-1789686444206826496.000s] Level 5:colcon.colcon_core.verb:set package 'robocon2027_description' build argument 'cmake_target' from command line to 'None'
[-1789686444206826496.000s] Level 5:colcon.colcon_core.verb:set package 'robocon2027_description' build argument 'cmake_target_skip_unavailable' from command line to 'False'
[-1789686444206826496.000s] Level 5:colcon.colcon_core.verb:set package 'robocon2027_description' build argument 'cmake_clean_cache' from command line to 'False'
[-1789686444206826496.000s] Level 5:colcon.colcon_core.verb:set package 'robocon2027_description' build argument 'cmake_clean_first' from command line to 'False'
[-1789686444206826496.000s] Level 5:colcon.colcon_core.verb:set package 'robocon2027_description' build argument 'cmake_force_configure' from command line to 'False'
[-1789686444206826496.000s] Level 5:colcon.colcon_core.verb:set package 'robocon2027_description' build argument 'ament_cmake_args' from command line to 'None'
[-1789686444206826496.000s] Level 5:colcon.colcon_core.verb:set package 'robocon2027_description' build argument 'catkin_cmake_args' from command line to 'None'
[-1789686444206826496.000s] Level 5:colcon.colcon_core.verb:set package 'robocon2027_description' build argument 'catkin_skip_building_tests' from command line to 'False'
[-1789686444206826496.000s] DEBUG:colcon.colcon_core.verb:Building package 'robocon2027_description' with the following arguments: {'ament_cmake_args': None, 'build_base': '/home/luongngoctu/robocon2027_gazebo/build/robocon2027_description', 'catkin_cmake_args': None, 'catkin_skip_building_tests': False, 'cmake_args': None, 'cmake_clean_cache': False, 'cmake_clean_first': False, 'cmake_force_configure': False, 'cmake_target': None, 'cmake_target_skip_unavailable': False, 'install_base': '/home/luongngoctu/robocon2027_gazebo/install/robocon2027_description', 'merge_install': False, 'path': '/home/luongngoctu/robocon2027_gazebo/src/robocon2027_description', 'symlink_install': True, 'test_result_base': None}
[-1789686444206826496.000s] INFO:colcon.colcon_core.executor:Executing jobs using 'parallel' executor
[-1789686444206826496.000s] DEBUG:colcon.colcon_parallel_executor.executor.parallel:run_until_complete
[-1789686444206826496.000s] INFO:colcon.colcon_ros.task.ament_cmake.build:Building ROS package in '/home/luongngoctu/robocon2027_gazebo/src/robocon2027_description' with build type 'ament_cmake'
[-1789686444206826496.000s] INFO:colcon.colcon_cmake.task.cmake.build:Building CMake package in '/home/luongngoctu/robocon2027_gazebo/src/robocon2027_description'
[-1789686444206826496.000s] INFO:colcon.colcon_core.plugin_system:Skipping extension 'colcon_core.shell.bat': Not used on non-Windows systems
[-1789686444206826496.000s] DEBUG:colcon.colcon_core.shell:Skip shell extension 'dsv' for command environment
[-1789686444206826496.000s] WARNING:colcon.colcon_ros.prefix_path.ament:The path '/home/luongngoctu/robocon2027_gazebo/install/robocon2027_description' in the environment variable AMENT_PREFIX_PATH doesn't exist
[-1789686444206826496.000s] WARNING:colcon.colcon_ros.prefix_path.catkin:The path '/home/luongngoctu/robocon2027_gazebo/install/robocon2027_description' in the environment variable CMAKE_PREFIX_PATH doesn't exist
[-1789686444206826496.000s] DEBUG:colcon.colcon_core.event_handler.log_command:Invoking command in '/home/luongngoctu/robocon2027_gazebo/build/robocon2027_description': CMAKE_PREFIX_PATH=${CMAKE_PREFIX_PATH}:/opt/ros/lyrical DEBUGINFOD_URLS=https://debuginfod.ubuntu.com /usr/bin/cmake /home/luongngoctu/robocon2027_gazebo/src/robocon2027_description -DAMENT_CMAKE_SYMLINK_INSTALL=1 -DCMAKE_INSTALL_PREFIX=/home/luongngoctu/robocon2027_gazebo/install/robocon2027_description
[-1789686444206826496.000s] DEBUG:colcon.colcon_core.event_handler.log_command:Invoked command in '/home/luongngoctu/robocon2027_gazebo/build/robocon2027_description' returned '0': CMAKE_PREFIX_PATH=${CMAKE_PREFIX_PATH}:/opt/ros/lyrical DEBUGINFOD_URLS=https://debuginfod.ubuntu.com /usr/bin/cmake /home/luongngoctu/robocon2027_gazebo/src/robocon2027_description -DAMENT_CMAKE_SYMLINK_INSTALL=1 -DCMAKE_INSTALL_PREFIX=/home/luongngoctu/robocon2027_gazebo/install/robocon2027_description
[-1789686444206826496.000s] DEBUG:colcon.colcon_core.event_handler.log_command:Invoking command in '/home/luongngoctu/robocon2027_gazebo/build/robocon2027_description': CMAKE_PREFIX_PATH=${CMAKE_PREFIX_PATH}:/opt/ros/lyrical DEBUGINFOD_URLS=https://debuginfod.ubuntu.com /usr/bin/cmake --build /home/luongngoctu/robocon2027_gazebo/build/robocon2027_description -- -j12 -l12
[-1789686444206826496.000s] DEBUG:colcon.colcon_core.event_handler.log_command:Invoked command in '/home/luongngoctu/robocon2027_gazebo/build/robocon2027_description' returned '0': CMAKE_PREFIX_PATH=${CMAKE_PREFIX_PATH}:/opt/ros/lyrical DEBUGINFOD_URLS=https://debuginfod.ubuntu.com /usr/bin/cmake --build /home/luongngoctu/robocon2027_gazebo/build/robocon2027_description -- -j12 -l12
[-1789686444206826496.000s] DEBUG:colcon.colcon_core.event_handler.log_command:Invoking command in '/home/luongngoctu/robocon2027_gazebo/build/robocon2027_description': CMAKE_PREFIX_PATH=${CMAKE_PREFIX_PATH}:/opt/ros/lyrical DEBUGINFOD_URLS=https://debuginfod.ubuntu.com /usr/bin/cmake --install /home/luongngoctu/robocon2027_gazebo/build/robocon2027_description
[-1789686444206826496.000s] Level 1:colcon.colcon_core.environment:create_environment_scripts_only(robocon2027_description)
[-1789686444206826496.000s] DEBUG:colcon.colcon_core.event_handler.log_command:Invoked command in '/home/luongngoctu/robocon2027_gazebo/build/robocon2027_description' returned '0': CMAKE_PREFIX_PATH=${CMAKE_PREFIX_PATH}:/opt/ros/lyrical DEBUGINFOD_URLS=https://debuginfod.ubuntu.com /usr/bin/cmake --install /home/luongngoctu/robocon2027_gazebo/build/robocon2027_description
[-1789686444206826496.000s] Level 1:colcon.colcon_core.environment:checking '/home/luongngoctu/robocon2027_gazebo/install/robocon2027_description' for CMake module files
[-1789686444206826496.000s] Level 1:colcon.colcon_core.environment:checking '/home/luongngoctu/robocon2027_gazebo/install/robocon2027_description' for CMake config files
[-1789686444206826496.000s] Level 1:colcon.colcon_core.shell:create_environment_hook('robocon2027_description', 'cmake_prefix_path')
[-1789686444206826496.000s] INFO:colcon.colcon_core.shell:Creating environment descriptor '/home/luongngoctu/robocon2027_gazebo/install/robocon2027_description/share/robocon2027_description/hook/cmake_prefix_path.dsv'
[-1789686444206826496.000s] INFO:colcon.colcon_core.shell:Creating environment hook '/home/luongngoctu/robocon2027_gazebo/install/robocon2027_description/share/robocon2027_description/hook/cmake_prefix_path.sh'
[-1789686444206826496.000s] Level 1:colcon.colcon_core.environment:checking '/home/luongngoctu/robocon2027_gazebo/install/robocon2027_description/lib'
[-1789686444206826496.000s] Level 1:colcon.colcon_core.environment:checking '/home/luongngoctu/robocon2027_gazebo/install/robocon2027_description/bin'
[-1789686444206826496.000s] Level 1:colcon.colcon_core.environment:checking '/home/luongngoctu/robocon2027_gazebo/install/robocon2027_description/lib/pkgconfig/robocon2027_description.pc'
[-1789686444206826496.000s] Level 1:colcon.colcon_core.environment:checking '/home/luongngoctu/robocon2027_gazebo/install/robocon2027_description/lib/python3.14/site-packages'
[-1789686444206826496.000s] Level 1:colcon.colcon_core.environment:checking '/home/luongngoctu/robocon2027_gazebo/install/robocon2027_description/bin'
[-1789686444206826496.000s] INFO:colcon.colcon_core.shell:Creating package descriptor '/home/luongngoctu/robocon2027_gazebo/install/robocon2027_description/share/robocon2027_description/package.dsv'
[-1789686444206826496.000s] INFO:colcon.colcon_core.shell:Creating package script '/home/luongngoctu/robocon2027_gazebo/install/robocon2027_description/share/robocon2027_description/package.sh'
[-1789686444206826496.000s] INFO:colcon.colcon_core.shell:Creating package script '/home/luongngoctu/robocon2027_gazebo/install/robocon2027_description/share/robocon2027_description/package.bash'
[-1789686444206826496.000s] INFO:colcon.colcon_core.shell:Creating package script '/home/luongngoctu/robocon2027_gazebo/install/robocon2027_description/share/robocon2027_description/package.zsh'
[-1789686444206826496.000s] Level 1:colcon.colcon_core.environment:create_file_with_runtime_dependencies(/home/luongngoctu/robocon2027_gazebo/install/robocon2027_description/share/colcon-core/packages/robocon2027_description)
[-1789686444206826496.000s] Level 1:colcon.colcon_core.environment:create_environment_scripts_only(robocon2027_description)
[-1789686444206826496.000s] Level 1:colcon.colcon_core.environment:checking '/home/luongngoctu/robocon2027_gazebo/install/robocon2027_description' for CMake module files
[-1789686444206826496.000s] Level 1:colcon.colcon_core.environment:checking '/home/luongngoctu/robocon2027_gazebo/install/robocon2027_description' for CMake config files
[-1789686444206826496.000s] Level 1:colcon.colcon_core.shell:create_environment_hook('robocon2027_description', 'cmake_prefix_path')
[-1789686444206826496.000s] INFO:colcon.colcon_core.shell:Creating environment descriptor '/home/luongngoctu/robocon2027_gazebo/install/robocon2027_description/share/robocon2027_description/hook/cmake_prefix_path.dsv'
[-1789686444206826496.000s] INFO:colcon.colcon_core.shell:Creating environment hook '/home/luongngoctu/robocon2027_gazebo/install/robocon2027_description/share/robocon2027_description/hook/cmake_prefix_path.sh'
[-1789686444206826496.000s] Level 1:colcon.colcon_core.environment:checking '/home/luongngoctu/robocon2027_gazebo/install/robocon2027_description/lib'
[-1789686444206826496.000s] Level 1:colcon.colcon_core.environment:checking '/home/luongngoctu/robocon2027_gazebo/install/robocon2027_description/bin'
[-1789686444206826496.000s] Level 1:colcon.colcon_core.environment:checking '/home/luongngoctu/robocon2027_gazebo/install/robocon2027_description/lib/pkgconfig/robocon2027_description.pc'
[-1789686444206826496.000s] Level 1:colcon.colcon_core.environment:checking '/home/luongngoctu/robocon2027_gazebo/install/robocon2027_description/lib/python3.14/site-packages'
[-1789686444206826496.000s] Level 1:colcon.colcon_core.environment:checking '/home/luongngoctu/robocon2027_gazebo/install/robocon2027_description/bin'
[-1789686444206826496.000s] INFO:colcon.colcon_core.shell:Creating package descriptor '/home/luongngoctu/robocon2027_gazebo/install/robocon2027_description/share/robocon2027_description/package.dsv'
[-1789686444206826496.000s] INFO:colcon.colcon_core.shell:Creating package script '/home/luongngoctu/robocon2027_gazebo/install/robocon2027_description/share/robocon2027_description/package.sh'
[-1789686444206826496.000s] INFO:colcon.colcon_core.shell:Creating package script '/home/luongngoctu/robocon2027_gazebo/install/robocon2027_description/share/robocon2027_description/package.bash'
[-1789686444206826496.000s] INFO:colcon.colcon_core.shell:Creating package script '/home/luongngoctu/robocon2027_gazebo/install/robocon2027_description/share/robocon2027_description/package.zsh'
[-1789686444206826496.000s] Level 1:colcon.colcon_core.environment:create_file_with_runtime_dependencies(/home/luongngoctu/robocon2027_gazebo/install/robocon2027_description/share/colcon-core/packages/robocon2027_description)
[-1789686444206826496.000s] DEBUG:colcon.colcon_parallel_executor.executor.parallel:closing loop
[-1789686444206826496.000s] DEBUG:colcon.colcon_parallel_executor.executor.parallel:loop closed
[-1789686444206826496.000s] DEBUG:colcon.colcon_parallel_executor.executor.parallel:run_until_complete finished with '0'
[-1789686444206826496.000s] DEBUG:colcon.colcon_core.event_reactor:joining thread
[-1789686444206826496.000s] INFO:colcon.colcon_core.plugin_system:Skipping extension 'colcon_notification.desktop_notification.terminal_notifier': Not used on non-Darwin systems
[-1789686444206826496.000s] INFO:colcon.colcon_core.plugin_system:Skipping extension 'colcon_notification.desktop_notification.win32': Not used on non-Windows systems
[-1789686444206826496.000s] INFO:colcon.colcon_notification.desktop_notification:Sending desktop notification using 'notify2'
[-1789686444206826496.000s] DEBUG:colcon.colcon_core.event_reactor:joined thread
[-1789686444206826496.000s] INFO:colcon.colcon_core.shell:Creating prefix script '/home/luongngoctu/robocon2027_gazebo/install/local_setup.sh'
[-1789686444206826496.000s] INFO:colcon.colcon_core.shell:Creating prefix util module '/home/luongngoctu/robocon2027_gazebo/install/_local_setup_util_sh.py'
[-1789686444206826496.000s] INFO:colcon.colcon_core.shell:Creating prefix chain script '/home/luongngoctu/robocon2027_gazebo/install/setup.sh'
[-1789686444206826496.000s] INFO:colcon.colcon_core.shell:Creating prefix script '/home/luongngoctu/robocon2027_gazebo/install/local_setup.bash'
[-1789686444206826496.000s] INFO:colcon.colcon_core.shell:Creating prefix chain script '/home/luongngoctu/robocon2027_gazebo/install/setup.bash'
[-1789686444206826496.000s] INFO:colcon.colcon_core.shell:Creating prefix script '/home/luongngoctu/robocon2027_gazebo/install/local_setup.zsh'
[-1789686444206826496.000s] INFO:colcon.colcon_core.shell:Creating prefix chain script '/home/luongngoctu/robocon2027_gazebo/install/setup.zsh'
