[0mCMake Deprecation Warning at CMakeLists.txt:1 (cmake_minimum_required):
  Compatibility with CMake < 3.10 will be removed from a future version of
  CMake.

  Update the VERSION argument <min> value.  Or, use the <min>...<max> syntax
  to tell CMake that the project requires at least <min> but has been updated
  to work with policies introduced by <max> or earlier.

[0m
-- The C compiler identification is GNU 15.2.0
-- The CXX compiler identification is GNU 15.2.0
-- Detecting C compiler ABI info
-- Detecting C compiler ABI info - done
-- Check for working C compiler: /usr/bin/cc - skipped
-- Detecting C compile features
-- Detecting C compile features - done
-- Detecting CXX compiler ABI info
-- Detecting CXX compiler ABI info - done
-- Check for working CXX compiler: /usr/bin/c++ - skipped
-- Detecting CXX compile features
-- Detecting CXX compile features - done
-- Found ament_cmake: 2.8.8 (/opt/ros/lyrical/share/ament_cmake/cmake)
-- Override CMake install command with custom implementation using symlinks instead of copying resources
-- Found xacro: 2.1.1 (/opt/ros/lyrical/share/xacro/cmake)
-- Found robot_state_publisher: 3.5.5 (/opt/ros/lyrical/share/robot_state_publisher/cmake)
-- Found rosidl_generator_c: 5.2.1 (/opt/ros/lyrical/share/rosidl_generator_c/cmake)
-- Found rosidl_generator_cpp: 5.2.1 (/opt/ros/lyrical/share/rosidl_generator_cpp/cmake)
-- Using all available rosidl_typesupport_c: rosidl_typesupport_fastrtps_c;rosidl_typesupport_introspection_c
-- Using all available rosidl_typesupport_cpp: rosidl_typesupport_fastrtps_cpp;rosidl_typesupport_introspection_cpp
-- Found rmw_implementation_cmake: 7.10.1 (/opt/ros/lyrical/share/rmw_implementation_cmake/cmake)
-- Found rmw_fastrtps_cpp: 9.4.9 (/opt/ros/lyrical/share/rmw_fastrtps_cpp/cmake)
-- Using RMW implementation 'rmw_fastrtps_cpp' as default
-- Configuring done (1.2s)
-- Generating done (0.0s)
-- Build files have been written to: /home/luongngoctu/robocon2027_gazebo/build/robocon2027_description
-- Install configuration: ""
-- Execute custom install script
-- Symlinking: /home/luongngoctu/robocon2027_gazebo/install/robocon2027_description/share/robocon2027_description/meshes/field/cylinder.stl
-- Symlinking: /home/luongngoctu/robocon2027_gazebo/install/robocon2027_description/share/robocon2027_description/meshes/field/field.stl
-- Symlinking: /home/luongngoctu/robocon2027_gazebo/install/robocon2027_description/share/robocon2027_description/meshes/field/tower.stl
-- Symlinking: /home/luongngoctu/robocon2027_gazebo/install/robocon2027_description/share/robocon2027_description/meshes/visual/robocon2027.glb
-- Symlinking: /home/luongngoctu/robocon2027_gazebo/install/robocon2027_description/share/robocon2027_description/urdf/tr.xacro
-- Symlinking: /home/luongngoctu/robocon2027_gazebo/install/robocon2027_description/share/robocon2027_description/worlds/robocon2027.sdf
-- Symlinking: /home/luongngoctu/robocon2027_gazebo/install/robocon2027_description/share/robocon2027_description/worlds/robocon2027_backup_01.sdf
-- Symlinking: /home/luongngoctu/robocon2027_gazebo/install/robocon2027_description/share/robocon2027_description/worlds/test_glb.sdf
-- Symlinking: /home/luongngoctu/robocon2027_gazebo/install/robocon2027_description/share/robocon2027_description/launch/__pycache__/nav2_launch.cpython-314.pyc
-- Symlinking: /home/luongngoctu/robocon2027_gazebo/install/robocon2027_description/share/robocon2027_description/launch/nav2_launch.py
-- Symlinking: /home/luongngoctu/robocon2027_gazebo/install/robocon2027_description/share/robocon2027_description/config/nav2_params.yaml
-- Symlinking: /home/luongngoctu/robocon2027_gazebo/install/robocon2027_description/share/robocon2027_description/config/tr_controllers.yaml
-- Symlinking: /home/luongngoctu/robocon2027_gazebo/install/robocon2027_description/share/ament_index/resource_index/package_run_dependencies/robocon2027_description
-- Symlinking: /home/luongngoctu/robocon2027_gazebo/install/robocon2027_description/share/ament_index/resource_index/parent_prefix_path/robocon2027_description
-- Symlinking: /home/luongngoctu/robocon2027_gazebo/install/robocon2027_description/share/robocon2027_description/environment/ament_prefix_path.sh
-- Symlinking: /home/luongngoctu/robocon2027_gazebo/install/robocon2027_description/share/robocon2027_description/environment/ament_prefix_path.dsv
-- Symlinking: /home/luongngoctu/robocon2027_gazebo/install/robocon2027_description/share/robocon2027_description/environment/path.sh
-- Symlinking: /home/luongngoctu/robocon2027_gazebo/install/robocon2027_description/share/robocon2027_description/environment/path.dsv
-- Symlinking: /home/luongngoctu/robocon2027_gazebo/install/robocon2027_description/share/robocon2027_description/local_setup.bash
-- Symlinking: /home/luongngoctu/robocon2027_gazebo/install/robocon2027_description/share/robocon2027_description/local_setup.fish
-- Symlinking: /home/luongngoctu/robocon2027_gazebo/install/robocon2027_description/share/robocon2027_description/local_setup.sh
-- Symlinking: /home/luongngoctu/robocon2027_gazebo/install/robocon2027_description/share/robocon2027_description/local_setup.zsh
-- Symlinking: /home/luongngoctu/robocon2027_gazebo/install/robocon2027_description/share/robocon2027_description/local_setup.dsv
-- Symlinking: /home/luongngoctu/robocon2027_gazebo/install/robocon2027_description/share/robocon2027_description/package.dsv
-- Symlinking: /home/luongngoctu/robocon2027_gazebo/install/robocon2027_description/share/ament_index/resource_index/packages/robocon2027_description
-- Symlinking: /home/luongngoctu/robocon2027_gazebo/install/robocon2027_description/share/robocon2027_description/cmake/robocon2027_descriptionConfig.cmake
-- Symlinking: /home/luongngoctu/robocon2027_gazebo/install/robocon2027_description/share/robocon2027_description/cmake/robocon2027_descriptionConfig-version.cmake
-- Symlinking: /home/luongngoctu/robocon2027_gazebo/install/robocon2027_description/share/robocon2027_description/package.xml
-- Installing: /home/luongngoctu/robocon2027_gazebo/install/robocon2027_description/lib/robocon2027_description/mecanum_controller
